// Jest Snapshot v1, https://goo.gl/fbAQLP

exports[`proxyFrame renders frame with correct default structure 1`] = `
"<iframe src=\\"https://www.jobs.ch/public/support/oauth-xdomain-proxy.html\\" frameborder=\\"0\\" width=\\"0\\" height=\\"0\\" id=\\"jobcloud-xdomain-frame\\" style=\\"
  visibility: hidden;
\\"></iframe>"
`;
